C51 COMPILER V9.54   BSPLED                                                                12/23/2019 22:18:06 PAGE 1   


C51 COMPILER V9.54, COMPILATION OF MODULE BSPLED
OBJECT MODULE PLACED IN .\Objects\bspLed.obj
COMPILER INVOKED BY: d:\Keil_v5\C51\BIN\C51.EXE Src\bspLed.c LARGE OPTIMIZE(9,SPEED) BROWSE INCDIR(.\Libraries\STC15_Std
                    -Periph_Driver\inc;.\Libraries\STC15_StdPeriph_Driver\src;.\Libraries\CMSIS) DEBUG OBJECTEXTEND PRINT(.\Listings\bspLed.l
                    -st) TABS(2) PREPRINT(.\Listings\bspLed.i) OBJECT(.\Objects\bspLed.obj)

line level    source

   1          /******************************************************************************
   2          
   3                            版权所有 (C), 2001-2011, XXXXX 技术有限公司                  
   4          
   5           ******************************************************************************
   6            文 件 名   : bspLed.c
   7            版 本 号   : 初稿
   8            作    者   : Gavinx
   9            生成日期   : 2019年4月3日 星期三
  10            最近修改   :
  11            功能描述   : LED驱动阈
  12            函数列表   :
  13                        CloseLed
  14                        OpenLed
  15            修改历史   :
  16            1.日    期   : 2019年4月3日 星期三
  17              作    者   : Gavinx
  18              修改内容   : 创建文件
  19          
  20          ******************************************************************************/
  21          
  22          /*----------------------------------------------*
  23           * 包含头文件                                   *
  24           *----------------------------------------------*/
  25             
  26          #include "bspLed.h"
  27          
  28          /*----------------------------------------------*
  29           * 外部变量说明                                 *
  30           *----------------------------------------------*/
  31          
  32          /*----------------------------------------------*
  33           * 外部函数原型说明                             *
  34           *----------------------------------------------*/
  35          
  36          /*----------------------------------------------*
  37           * 内部函数原型说明                             *
  38           *----------------------------------------------*/
  39          
  40          /*----------------------------------------------*
  41           * 全局变量                                     *
  42           *----------------------------------------------*/
  43          
  44          /*----------------------------------------------*
  45           * 模块级变量                                   *
  46           *----------------------------------------------*/
  47          
  48          /*----------------------------------------------*
  49           * 常量定义                                     *
  50           *----------------------------------------------*/
  51          
  52          /*----------------------------------------------*
  53           * 宏定义                                       *
C51 COMPILER V9.54   BSPLED                                                                12/23/2019 22:18:06 PAGE 2   

  54           *----------------------------------------------*/
  55          void bsp_GennealLedInit()
  56          {
  57   1        GPIO_InitTypeDef GPIO_InitStruct;
  58   1        
  59   1        GPIO_InitStruct.GPIO_Pin = GPIO_Pin_1;/*4.1*/
  60   1        GPIO_InitStruct.GPIO_Mode = GPIO_Mode_Out_PP;
  61   1        
  62   1        GPIO_Init(GPIO_P4,&GPIO_InitStruct);
  63   1        
  64   1        GPIO_InitStruct.GPIO_Pin = GPIO_Pin_5;/*4.1*/
  65   1        GPIO_InitStruct.GPIO_Mode = GPIO_Mode_Out_PP;
  66   1        
  67   1        GPIO_Init(GPIO_P3,&GPIO_InitStruct);
  68   1        
  69   1        CloseLed(YellowLed);
  70   1        CloseLed(RedLed);
  71   1      }
  72          /*****************************************************************************
  73           函 数 名  : OpenLed
  74           功能描述  : 打开LED
  75           输入参数  : LED led  
  76           输出参数  : 无
  77           返 回 值  : 
  78           调用函数  : 
  79           被调函数  : 
  80           
  81           修改历史      :
  82            1.日    期   : 2019年4月3日 星期三
  83              作    者   : Gavinx
  84              修改内容   : 新生成函数
  85          
  86          *****************************************************************************/
  87          void OpenLed(LED led)
  88          {
  89   1        switch(led)
  90   1        {
  91   2          case YellowLed:
  92   2              YellowLedPIN = 1;
  93   2            break;
  94   2          case RedLed:
  95   2              RedLedPIN = 1;
  96   2        }
  97   1      }
  98          /*****************************************************************************
  99           函 数 名  : CloseLed
 100           功能描述  : 关闭LED灯
 101           输入参数  : LED led  
 102           输出参数  : 无
 103           返 回 值  : 
 104           调用函数  : 
 105           被调函数  : 
 106           
 107           修改历史      :
 108            1.日    期   : 2019年4月3日 星期三
 109              作    者   : Gavinx
 110              修改内容   : 新生成函数
 111          
 112          *****************************************************************************/
 113          void CloseLed(LED led)
 114          {
 115   1        switch(led)
C51 COMPILER V9.54   BSPLED                                                                12/23/2019 22:18:06 PAGE 3   

 116   1        {
 117   2          case YellowLed:
 118   2              YellowLedPIN = 0;
 119   2            break;
 120   2          case RedLed:
 121   2              RedLedPIN = 0;
 122   2        }
 123   1      }
 124          /***************************************************************************
 125          迷你板控制
 126          ****************************************************************************/
 127          
 128          /*迷你板的控制初始化*/
 129          void bsp_MiniRgbCtlInit()
 130          {
 131   1        GPIO_InitTypeDef GPIO_InitStruct;
 132   1        
 133   1        GPIO_InitStruct.GPIO_Pin = GPIO_Pin_2 | GPIO_Pin_3 | GPIO_Pin_4;/*P3.2 P3.3 P3.4*/
 134   1        GPIO_InitStruct.GPIO_Mode = GPIO_Mode_Out_PP;
 135   1        
 136   1        GPIO_Init(GPIO_P3,&GPIO_InitStruct);
 137   1        bsp_MiniRgbCtl(Off);
 138   1      }
 139          void bsp_MiniRgbCtl(RGBLED Color)
 140          {
 141   1        switch(Color)
 142   1        {
 143   2          case Blue:
 144   2            KMBLed = 1;
 145   2            break;
 146   2          case Red:
 147   2            KMRLed = 1;
 148   2            break;
 149   2          case Green:
 150   2            KMGLed = 1;
 151   2            break;
 152   2          case Off:
 153   2            KMBLed = 0;
 154   2            KMRLed = 0;
 155   2            KMGLed = 0;
 156   2            break;
 157   2        }
 158   1      }
 159          
 160          void bsp_BigRgbCtlInit()
 161          {
 162   1        GPIO_InitTypeDef GPIO_InitStruct;
 163   1        
 164   1        GPIO_InitStruct.GPIO_Pin = GPIO_Pin_2 | GPIO_Pin_3 | GPIO_Pin_4;/*P43.2 P4.3 P4.4*/
 165   1        GPIO_InitStruct.GPIO_Mode = GPIO_Mode_Out_PP;
 166   1        
 167   1        GPIO_Init(GPIO_P4,&GPIO_InitStruct);
 168   1        bsp_BigRgbCtl(Off);
 169   1      }
 170          /*读取当前RGB灯的颜色*/
 171          RGBLED  bsp_BitRgbRead()
 172          {
 173   1        if(KBBLed)
 174   1        {
 175   2          return Blue;
 176   2        }
 177   1        else if(KBGLed && KBRLed)
C51 COMPILER V9.54   BSPLED                                                                12/23/2019 22:18:06 PAGE 4   

 178   1        {
 179   2          return Yellow;
 180   2        }
 181   1        else if(KBRLed)
 182   1        {
 183   2          return Red;
 184   2        }
 185   1        else if(KBGLed)
 186   1        {
 187   2          return Green;
 188   2        }
 189   1        else
 190   1        {
 191   2          return Off;
 192   2        }
 193   1      }
 194          /*大灯板RGB控制,第一个灯控制颜色*/
 195          void bsp_BigRgbCtl(RGBLED Color)
 196          {
 197   1        switch(Color)
 198   1        {
 199   2          case Blue:
 200   2            KBBLed = 1;
 201   2            break;
 202   2          case Red:
 203   2            KBRLed = 1;
 204   2            break;
 205   2          case Green:
 206   2            KBGLed = 1;
 207   2            break;
 208   2          case Yellow:
 209   2            KBGLed = 1;
 210   2            KBRLed = 1;
 211   2            break;
 212   2          case Off:
 213   2            KBBLed = 0;
 214   2            KBRLed = 0;
 215   2            KBGLed = 0;
 216   2            break;
 217   2        }
 218   1      }


MODULE INFORMATION:   STATIC OVERLAYABLE
   CODE SIZE        =    224    ----
   CONSTANT SIZE    =   ----    ----
   XDATA SIZE       =   ----       6
   PDATA SIZE       =   ----    ----
   DATA SIZE        =   ----    ----
   IDATA SIZE       =   ----    ----
   BIT SIZE         =   ----    ----
END OF MODULE INFORMATION.


C51 COMPILATION COMPLETE.  0 WARNING(S),  0 ERROR(S)
